{
  "submodels": [
    {
      "id": "something_random_b0c234ba",
      "modelType": "Submodel",
      "submodelElements": [
        {
          "idShort": "some_id_short_10b21b1b",
          "max": "-0005-02-29T01:02:03",
          "min": "-0005-02-29T01:02:03",
          "modelType": "Range",
          "valueType": "xs:dateTime"
        }
      ]
    }
  ]
}