{
  "submodels": [
    {
      "id": "something_random_b0c234ba",
      "modelType": "Submodel",
      "submodelElements": [
        {
          "idShort": "some_id_short_10b21b1b",
          "modelType": "Property",
          "value": "-0005-02-29",
          "valueType": "xs:date"
        }
      ]
    }
  ]
}