{
  "assetAdministrationShells": [
    {
      "assetInformation": {
        "assetKind": "Instance"
      },
      "extensions": [
        {
          "name": "something_random_8ddedf5d",
          "value": "+5739",
          "valueType": "xs:nonNegativeInteger"
        }
      ],
      "id": "something_random_428f0205",
      "modelType": "AssetAdministrationShell"
    }
  ]
}